              precision    recall  f1-score   support

          CQ     0.9883    0.9631    0.9755      7311
          NG     1.0000    1.0000    1.0000      4021
          SL     0.9814    0.9658    0.9735      1638
        VBPL     0.9630    0.9746    0.9688       828
          ĐT     0.9788    0.9714    0.9751      7179

   micro avg     0.9858    0.9737    0.9797     20977
   macro avg     0.9823    0.9750    0.9786     20977
weighted avg     0.9858    0.9737    0.9797     20977

BIO token report
              precision    recall  f1-score   support

           O     0.9944    0.9983    0.9963    205461
        B-CQ     0.9920    0.9666    0.9791      7311
        I-CQ     0.9669    0.8524    0.9061      2677
        B-ĐT     0.9934    0.9859    0.9897      7179
        I-ĐT     0.9835    0.9317    0.9569      6003
      B-VBPL     0.9726    0.9843    0.9784       828
      I-VBPL     0.9722    0.9993    0.9856      2801
        B-NG     1.0000    1.0000    1.0000      4021
        I-NG     1.0000    1.0000    1.0000      4023
        B-SL     0.9963    0.9805    0.9883      1638
        I-SL     0.9762    0.9809    0.9785      1674

    accuracy                         0.9935    243616
   macro avg     0.9861    0.9709    0.9781    243616
weighted avg     0.9935    0.9935    0.9934    243616
